[2026-01-14 10:03:30] PDF OCR失败: D:\BaiduSyncdisk\2025\研究\基准地调整研究\_《建筑气候区划标准》GB50178－93介绍.pdf | Unable to get page count. Is poppler installed and in PATH?
[2026-01-14 10:09:28] PDF OCR失败: D:\BaiduSyncdisk\2025\研究\基准地调整研究\_《建筑气候区划标准》GB50178－93介绍.pdf | Unable to get page count. Is poppler installed and in PATH?
[2026-01-14 10:09:30] PDF OCR失败: D:\BaiduSyncdisk\2025\研究\基准地调整研究\其他\20250206_《建筑气候区划标准》GB50178－93介绍.pdf | Unable to get page count. Is poppler installed and in PATH?
[2026-01-14 10:22:30] PDF OCR失败: D:\BaiduSyncdisk\2025\研究\基准地调整研究\_《建筑气候区划标准》GB50178－93介绍.pdf | Unable to get page count. Is poppler installed and in PATH?
[2026-01-14 10:22:32] PDF OCR失败: D:\BaiduSyncdisk\2025\研究\基准地调整研究\其他\20250206_《建筑气候区划标准》GB50178－93介绍.pdf | Unable to get page count. Is poppler installed and in PATH?
[2026-01-14 10:22:53] CAJ提取失败: D:\BaiduSyncdisk\2025\研究\合约设计\database\excel\_天气预测及其衍生品定价研究——基于气温日度数据的实证分析.caj | Unable to get page count. Is poppler installed and in PATH?
[2026-01-14 10:23:51] CAJ提取失败: D:\BaiduSyncdisk\2025\研究\合约设计\database\excel\_天气预测及其衍生品定价研究——基于气温日度数据的实证分析.caj | Unable to get page count. Is poppler installed and in PATH?
[2026-01-14 10:23:57] CAJ提取失败: D:\BaiduSyncdisk\2025\研究\合约设计\参考资料\20250730_天气预测及其衍生品定价研究——基于气温日度数据的实证分析.caj | Unable to get page count. Is poppler installed and in PATH?
[2026-01-14 10:31:47] PDF OCR失败: D:\BaiduSyncdisk\2025\研究\合约设计\database\excel\20250811173536.pdf | Unable to get page count. Is poppler installed and in PATH?
[2026-01-14 10:31:47] PDF OCR失败: D:\BaiduSyncdisk\2025\研究\合约设计\database\excel\20251124105822.pdf | Unable to get page count. Is poppler installed and in PATH?
[2026-01-14 10:31:47] PDF OCR失败: D:\BaiduSyncdisk\2025\研究\合约设计\database\excel\20251226160728.pdf | Unable to get page count. Is poppler installed and in PATH?
[2026-01-14 10:31:48] PDF OCR失败: D:\BaiduSyncdisk\2025\研究\合约设计\database\excel\miningvisuals.com-Copper Production  Population Growth.pdf | Unable to get page count. Is poppler installed and in PATH?
[2026-01-14 10:31:51] CAJ提取失败: D:\BaiduSyncdisk\2025\研究\合约设计\database\excel\_天气预测及其衍生品定价研究——基于气温日度数据的实证分析.caj | Unable to get page count. Is poppler installed and in PATH?
[2026-01-14 10:31:52] PDF OCR失败: D:\BaiduSyncdisk\2025\研究\合约设计\database\excel\《技术服务合同》解除协议.pdf | Unable to get page count. Is poppler installed and in PATH?
[2026-01-14 10:31:56] PDF OCR失败: D:\BaiduSyncdisk\2025\研究\合约设计\其他\20250811__未识别标题_.pdf | Unable to get page count. Is poppler installed and in PATH?
[2026-01-14 10:31:57] PDF OCR失败: D:\BaiduSyncdisk\2025\研究\合约设计\其他\20251114__未识别标题_.pdf | Unable to get page count. Is poppler installed and in PATH?
[2026-01-14 10:31:57] PDF OCR失败: D:\BaiduSyncdisk\2025\研究\合约设计\其他\20251124__未识别标题_.pdf | Unable to get page count. Is poppler installed and in PATH?
[2026-01-14 10:31:57] PDF OCR失败: D:\BaiduSyncdisk\2025\研究\合约设计\其他\2025122620251226160728(1).pdf | Unable to get page count. Is poppler installed and in PATH?
[2026-01-14 10:31:57] PDF OCR失败: D:\BaiduSyncdisk\2025\研究\合约设计\其他\20251226__未识别标题_.pdf | Unable to get page count. Is poppler installed and in PATH?
[2026-01-14 10:31:58] PDF OCR失败: D:\BaiduSyncdisk\2025\研究\合约设计\其他\20251229__未识别标题_.pdf | Unable to get page count. Is poppler installed and in PATH?
[2026-01-14 10:32:00] CAJ提取失败: D:\BaiduSyncdisk\2025\研究\合约设计\报告\20250730__未识别标题_.caj | Unable to get page count. Is poppler installed and in PATH?
[2026-01-14 10:36:48] PDF OCR失败: D:\BaiduSyncdisk\2025\研究\基准地调整研究\17297-1998-gbt-e-300.pdf | Unable to get page count. Is poppler installed and in PATH?
[2026-01-14 10:36:48] PDF文本提取失败: D:\BaiduSyncdisk\2025\研究\基准地调整研究\_《建筑气候区划标准》GB50178－93介绍.pdf | No /Root object! - Is this really a PDF?
[2026-01-14 10:36:48] PDF OCR失败: D:\BaiduSyncdisk\2025\研究\基准地调整研究\_《建筑气候区划标准》GB50178－93介绍.pdf | Unable to get page count. Is poppler installed and in PATH?
[2026-01-14 10:36:50] PDF OCR失败: D:\BaiduSyncdisk\2025\研究\基准地调整研究\参考资料\其他参考资料\20250206__未识别标题_.pdf | Unable to get page count. Is poppler installed and in PATH?
[2026-01-14 10:36:51] PDF文本提取失败: D:\BaiduSyncdisk\2025\研究\基准地调整研究\参考资料\标准\20250206__未识别标题_.pdf | No /Root object! - Is this really a PDF?
[2026-01-14 10:36:51] PDF OCR失败: D:\BaiduSyncdisk\2025\研究\基准地调整研究\参考资料\标准\20250206__未识别标题_.pdf | Unable to get page count. Is poppler installed and in PATH?
[2026-01-14 10:37:39] DOCX失败: D:\BaiduSyncdisk\2025\研究\合约设计\database\excel\20160815172714913.doc | Package not found at 'D:\BaiduSyncdisk\2025\研究\合约设计\database\excel\20160815172714913.doc'
[2026-01-14 10:37:39] PDF OCR失败: D:\BaiduSyncdisk\2025\研究\合约设计\database\excel\20250811173536.pdf | Unable to get page count. Is poppler installed and in PATH?
[2026-01-14 10:37:39] PDF OCR失败: D:\BaiduSyncdisk\2025\研究\合约设计\database\excel\20251124105822.pdf | Unable to get page count. Is poppler installed and in PATH?
[2026-01-14 10:37:39] PDF OCR失败: D:\BaiduSyncdisk\2025\研究\合约设计\database\excel\20251226160728.pdf | Unable to get page count. Is poppler installed and in PATH?
[2026-01-14 10:37:40] PDF OCR失败: D:\BaiduSyncdisk\2025\研究\合约设计\database\excel\miningvisuals.com-Copper Production  Population Growth.pdf | Unable to get page count. Is poppler installed and in PATH?
[2026-01-14 10:37:43] CAJ提取失败: D:\BaiduSyncdisk\2025\研究\合约设计\database\excel\_天气预测及其衍生品定价研究——基于气温日度数据的实证分析.caj | Unable to get page count. Is poppler installed and in PATH?
[2026-01-14 10:37:45] PDF OCR失败: D:\BaiduSyncdisk\2025\研究\合约设计\database\excel\《技术服务合同》解除协议.pdf | Unable to get page count. Is poppler installed and in PATH?
[2026-01-14 10:37:46] DOCX失败: D:\BaiduSyncdisk\2025\研究\合约设计\database\excel\在金融气象服务工作推进会上的发言稿 (1).wps | Package not found at 'D:\BaiduSyncdisk\2025\研究\合约设计\database\excel\在金融气象服务工作推进会上的发言稿 (1).wps'
[2026-01-14 10:37:46] DOCX失败: D:\BaiduSyncdisk\2025\研究\合约设计\database\excel\在金融气象服务工作推进会上的发言稿.wps | Package not found at 'D:\BaiduSyncdisk\2025\研究\合约设计\database\excel\在金融气象服务工作推进会上的发言稿.wps'
[2026-01-14 10:37:46] DOCX失败: D:\BaiduSyncdisk\2025\研究\合约设计\database\excel\天气汇报材料.doc | Package not found at 'D:\BaiduSyncdisk\2025\研究\合约设计\database\excel\天气汇报材料.doc'
[2026-01-14 10:37:47] DOCX失败: D:\BaiduSyncdisk\2025\研究\合约设计\database\excel\郑州市市场监督管理局信息公开申请表.doc | Package not found at 'D:\BaiduSyncdisk\2025\研究\合约设计\database\excel\郑州市市场监督管理局信息公开申请表.doc'
[2026-01-14 10:37:47] DOCX失败: D:\BaiduSyncdisk\2025\研究\合约设计\database\excel\附件1：大连品交易所线型低密度聚乙烯月均价期货合约和大连商品交易所线型低密度聚乙烯月均价期货业务细则 (1).doc | Package not found at 'D:\BaiduSyncdisk\2025\研究\合约设计\database\excel\附件1：大连品交易所线型低密度聚乙烯月均价期货合约和大连商品交易所线型低密度聚乙烯月均价期货业务细则 (1).doc'
[2026-01-14 10:37:48] DOCX失败: D:\BaiduSyncdisk\2025\研究\合约设计\其他\20250728__未识别标题_.doc | Package not found at 'D:\BaiduSyncdisk\2025\研究\合约设计\其他\20250728__未识别标题_.doc'
[2026-01-14 10:37:48] DOCX失败: D:\BaiduSyncdisk\2025\研究\合约设计\其他\20250801__未识别标题_.doc | Package not found at 'D:\BaiduSyncdisk\2025\研究\合约设计\其他\20250801__未识别标题_.doc'
[2026-01-14 10:37:48] DOCX失败: D:\BaiduSyncdisk\2025\研究\合约设计\其他\20251029__未识别标题_(1).wps | Package not found at 'D:\BaiduSyncdisk\2025\研究\合约设计\其他\20251029__未识别标题_(1).wps'
[2026-01-14 10:37:48] DOCX失败: D:\BaiduSyncdisk\2025\研究\合约设计\其他\20251029__未识别标题_.wps | Package not found at 'D:\BaiduSyncdisk\2025\研究\合约设计\其他\20251029__未识别标题_.wps'
[2026-01-14 10:37:48] DOCX失败: D:\BaiduSyncdisk\2025\研究\合约设计\其他\20251225__未识别标题_.doc | Package not found at 'D:\BaiduSyncdisk\2025\研究\合约设计\其他\20251225__未识别标题_.doc'
[2026-01-14 10:37:48] PDF OCR失败: D:\BaiduSyncdisk\2025\研究\合约设计\其他\2025122620251226160728(1).pdf | Unable to get page count. Is poppler installed and in PATH?
[2026-01-14 10:37:50] CAJ提取失败: D:\BaiduSyncdisk\2025\研究\合约设计\参考资料\其他参考资料\20250730__未识别标题_.caj | Unable to get page count. Is poppler installed and in PATH?
[2026-01-14 10:37:54] PDF OCR失败: D:\BaiduSyncdisk\2025\研究\合约设计\参考资料\其他参考资料\20250811__未识别标题_.pdf | Unable to get page count. Is poppler installed and in PATH?
[2026-01-14 10:37:56] PDF OCR失败: D:\BaiduSyncdisk\2025\研究\合约设计\参考资料\其他参考资料\20251114__未识别标题_.pdf | Unable to get page count. Is poppler installed and in PATH?
[2026-01-14 10:37:56] PDF OCR失败: D:\BaiduSyncdisk\2025\研究\合约设计\参考资料\其他参考资料\20251124__未识别标题_.pdf | Unable to get page count. Is poppler installed and in PATH?
[2026-01-14 10:37:56] PDF OCR失败: D:\BaiduSyncdisk\2025\研究\合约设计\参考资料\其他参考资料\20251226__未识别标题_(1).pdf | Unable to get page count. Is poppler installed and in PATH?
[2026-01-14 10:37:56] PDF OCR失败: D:\BaiduSyncdisk\2025\研究\合约设计\参考资料\其他参考资料\20251226__未识别标题_.pdf | Unable to get page count. Is poppler installed and in PATH?
[2026-01-14 10:37:56] PDF OCR失败: D:\BaiduSyncdisk\2025\研究\合约设计\参考资料\合同\20251229__未识别标题_.pdf | Unable to get page count. Is poppler installed and in PATH?
[2026-01-14 10:38:56] DOCX失败: D:\BaiduSyncdisk\2025\研究\合约设计\database\excel\20160815172714913.doc | Package not found at 'D:\BaiduSyncdisk\2025\研究\合约设计\database\excel\20160815172714913.doc'
[2026-01-14 10:38:57] PDF OCR失败: D:\BaiduSyncdisk\2025\研究\合约设计\database\excel\20250811173536.pdf | Unable to get page count. Is poppler installed and in PATH?
[2026-01-14 10:38:57] PDF OCR失败: D:\BaiduSyncdisk\2025\研究\合约设计\database\excel\20251124105822.pdf | Unable to get page count. Is poppler installed and in PATH?
[2026-01-14 10:38:57] PDF OCR失败: D:\BaiduSyncdisk\2025\研究\合约设计\database\excel\20251226160728.pdf | Unable to get page count. Is poppler installed and in PATH?
[2026-01-14 10:38:57] PDF OCR失败: D:\BaiduSyncdisk\2025\研究\合约设计\database\excel\miningvisuals.com-Copper Production  Population Growth.pdf | Unable to get page count. Is poppler installed and in PATH?
[2026-01-14 10:39:00] CAJ提取失败: D:\BaiduSyncdisk\2025\研究\合约设计\database\excel\_天气预测及其衍生品定价研究——基于气温日度数据的实证分析.caj | Unable to get page count. Is poppler installed and in PATH?
[2026-01-14 10:39:01] PDF OCR失败: D:\BaiduSyncdisk\2025\研究\合约设计\database\excel\《技术服务合同》解除协议.pdf | Unable to get page count. Is poppler installed and in PATH?
[2026-01-14 10:39:02] DOCX失败: D:\BaiduSyncdisk\2025\研究\合约设计\database\excel\在金融气象服务工作推进会上的发言稿 (1).wps | Package not found at 'D:\BaiduSyncdisk\2025\研究\合约设计\database\excel\在金融气象服务工作推进会上的发言稿 (1).wps'
[2026-01-14 10:39:02] DOCX失败: D:\BaiduSyncdisk\2025\研究\合约设计\database\excel\在金融气象服务工作推进会上的发言稿.wps | Package not found at 'D:\BaiduSyncdisk\2025\研究\合约设计\database\excel\在金融气象服务工作推进会上的发言稿.wps'
[2026-01-14 10:39:02] DOCX失败: D:\BaiduSyncdisk\2025\研究\合约设计\database\excel\天气汇报材料.doc | Package not found at 'D:\BaiduSyncdisk\2025\研究\合约设计\database\excel\天气汇报材料.doc'
[2026-01-14 10:39:02] DOCX失败: D:\BaiduSyncdisk\2025\研究\合约设计\database\excel\郑州市市场监督管理局信息公开申请表.doc | Package not found at 'D:\BaiduSyncdisk\2025\研究\合约设计\database\excel\郑州市市场监督管理局信息公开申请表.doc'
[2026-01-14 10:39:02] DOCX失败: D:\BaiduSyncdisk\2025\研究\合约设计\database\excel\附件1：大连品交易所线型低密度聚乙烯月均价期货合约和大连商品交易所线型低密度聚乙烯月均价期货业务细则 (1).doc | Package not found at 'D:\BaiduSyncdisk\2025\研究\合约设计\database\excel\附件1：大连品交易所线型低密度聚乙烯月均价期货合约和大连商品交易所线型低密度聚乙烯月均价期货业务细则 (1).doc'
[2026-01-14 10:39:03] DOCX失败: D:\BaiduSyncdisk\2025\研究\合约设计\其他\20250728__未识别标题_.doc | Package not found at 'D:\BaiduSyncdisk\2025\研究\合约设计\其他\20250728__未识别标题_.doc'
[2026-01-14 10:39:03] DOCX失败: D:\BaiduSyncdisk\2025\研究\合约设计\其他\20250801__未识别标题_.doc | Package not found at 'D:\BaiduSyncdisk\2025\研究\合约设计\其他\20250801__未识别标题_.doc'
[2026-01-14 10:39:03] DOCX失败: D:\BaiduSyncdisk\2025\研究\合约设计\其他\20251029__未识别标题_(1).wps | Package not found at 'D:\BaiduSyncdisk\2025\研究\合约设计\其他\20251029__未识别标题_(1).wps'
[2026-01-14 10:39:03] DOCX失败: D:\BaiduSyncdisk\2025\研究\合约设计\其他\20251029__未识别标题_.wps | Package not found at 'D:\BaiduSyncdisk\2025\研究\合约设计\其他\20251029__未识别标题_.wps'
[2026-01-14 10:39:03] DOCX失败: D:\BaiduSyncdisk\2025\研究\合约设计\其他\20251225__未识别标题_.doc | Package not found at 'D:\BaiduSyncdisk\2025\研究\合约设计\其他\20251225__未识别标题_.doc'
[2026-01-14 10:39:03] PDF OCR失败: D:\BaiduSyncdisk\2025\研究\合约设计\其他\2025122620251226160728(1).pdf | Unable to get page count. Is poppler installed and in PATH?
[2026-01-14 10:39:04] CAJ提取失败: D:\BaiduSyncdisk\2025\研究\合约设计\参考资料\其他参考资料\20250730__未识别标题_.caj | Unable to get page count. Is poppler installed and in PATH?
[2026-01-14 10:39:07] PDF OCR失败: D:\BaiduSyncdisk\2025\研究\合约设计\参考资料\其他参考资料\20250811__未识别标题_.pdf | Unable to get page count. Is poppler installed and in PATH?
[2026-01-14 10:39:08] PDF OCR失败: D:\BaiduSyncdisk\2025\研究\合约设计\参考资料\其他参考资料\20251114__未识别标题_.pdf | Unable to get page count. Is poppler installed and in PATH?
[2026-01-14 10:39:09] PDF OCR失败: D:\BaiduSyncdisk\2025\研究\合约设计\参考资料\其他参考资料\20251124__未识别标题_.pdf | Unable to get page count. Is poppler installed and in PATH?
[2026-01-14 10:39:09] PDF OCR失败: D:\BaiduSyncdisk\2025\研究\合约设计\参考资料\其他参考资料\20251226__未识别标题_(1).pdf | Unable to get page count. Is poppler installed and in PATH?
[2026-01-14 10:39:09] PDF OCR失败: D:\BaiduSyncdisk\2025\研究\合约设计\参考资料\其他参考资料\20251226__未识别标题_.pdf | Unable to get page count. Is poppler installed and in PATH?
[2026-01-14 10:39:09] PDF OCR失败: D:\BaiduSyncdisk\2025\研究\合约设计\参考资料\其他参考资料\20251229__未识别标题_.pdf | Unable to get page count. Is poppler installed and in PATH?
[2026-01-14 10:39:09] PDF OCR失败: D:\BaiduSyncdisk\2025\研究\合约设计\参考资料\合同\20251229__未识别标题_.pdf | Unable to get page count. Is poppler installed and in PATH?
[2026-01-14 10:39:09] DOCX失败: D:\BaiduSyncdisk\2025\研究\合约设计\报告\20250718__未识别标题_.doc | Package not found at 'D:\BaiduSyncdisk\2025\研究\合约设计\报告\20250718__未识别标题_.doc'
[2026-01-14 10:41:41] DOCX失败: D:\BaiduSyncdisk\2025\研究\合约设计\database\excel\20160815172714913.doc | Package not found at 'D:\BaiduSyncdisk\2025\研究\合约设计\database\excel\20160815172714913.doc'
[2026-01-14 10:41:41] PDF OCR失败: D:\BaiduSyncdisk\2025\研究\合约设计\database\excel\20250811173536.pdf | Unable to get page count. Is poppler installed and in PATH?
[2026-01-14 10:41:41] PDF OCR失败: D:\BaiduSyncdisk\2025\研究\合约设计\database\excel\20251124105822.pdf | Unable to get page count. Is poppler installed and in PATH?
[2026-01-14 10:41:41] PDF OCR失败: D:\BaiduSyncdisk\2025\研究\合约设计\database\excel\20251226160728.pdf | Unable to get page count. Is poppler installed and in PATH?
[2026-01-14 10:41:42] PDF OCR失败: D:\BaiduSyncdisk\2025\研究\合约设计\database\excel\miningvisuals.com-Copper Production  Population Growth.pdf | Unable to get page count. Is poppler installed and in PATH?
[2026-01-14 10:41:45] CAJ提取失败: D:\BaiduSyncdisk\2025\研究\合约设计\database\excel\_天气预测及其衍生品定价研究——基于气温日度数据的实证分析.caj | Unable to get page count. Is poppler installed and in PATH?
[2026-01-14 10:41:47] PDF OCR失败: D:\BaiduSyncdisk\2025\研究\合约设计\database\excel\《技术服务合同》解除协议.pdf | Unable to get page count. Is poppler installed and in PATH?
[2026-01-14 10:41:48] DOCX失败: D:\BaiduSyncdisk\2025\研究\合约设计\database\excel\在金融气象服务工作推进会上的发言稿 (1).wps | Package not found at 'D:\BaiduSyncdisk\2025\研究\合约设计\database\excel\在金融气象服务工作推进会上的发言稿 (1).wps'
[2026-01-14 10:41:48] DOCX失败: D:\BaiduSyncdisk\2025\研究\合约设计\database\excel\在金融气象服务工作推进会上的发言稿.wps | Package not found at 'D:\BaiduSyncdisk\2025\研究\合约设计\database\excel\在金融气象服务工作推进会上的发言稿.wps'
[2026-01-14 10:41:48] DOCX失败: D:\BaiduSyncdisk\2025\研究\合约设计\database\excel\天气汇报材料.doc | Package not found at 'D:\BaiduSyncdisk\2025\研究\合约设计\database\excel\天气汇报材料.doc'
[2026-01-14 10:41:48] DOCX失败: D:\BaiduSyncdisk\2025\研究\合约设计\database\excel\郑州市市场监督管理局信息公开申请表.doc | Package not found at 'D:\BaiduSyncdisk\2025\研究\合约设计\database\excel\郑州市市场监督管理局信息公开申请表.doc'
[2026-01-14 10:41:48] DOCX失败: D:\BaiduSyncdisk\2025\研究\合约设计\database\excel\附件1：大连品交易所线型低密度聚乙烯月均价期货合约和大连商品交易所线型低密度聚乙烯月均价期货业务细则 (1).doc | Package not found at 'D:\BaiduSyncdisk\2025\研究\合约设计\database\excel\附件1：大连品交易所线型低密度聚乙烯月均价期货合约和大连商品交易所线型低密度聚乙烯月均价期货业务细则 (1).doc'
[2026-01-14 10:41:50] DOCX失败: D:\BaiduSyncdisk\2025\研究\合约设计\其他\20250728_附件1：大连品交易所线型低密度聚乙烯月均价期货合约和大连商品交易所线型低密度聚乙烯月均价期货业务细则(1).doc | Package not found at 'D:\BaiduSyncdisk\2025\研究\合约设计\其他\20250728_附件1：大连品交易所线型低密度聚乙烯月均价期货合约和大连商品交易所线型低密度聚乙烯月均价期货业务细则(1).doc'
[2026-01-14 10:41:50] DOCX失败: D:\BaiduSyncdisk\2025\研究\合约设计\其他\20250801__未识别标题_.doc | Package not found at 'D:\BaiduSyncdisk\2025\研究\合约设计\其他\20250801__未识别标题_.doc'
[2026-01-14 10:41:50] DOCX失败: D:\BaiduSyncdisk\2025\研究\合约设计\其他\20251029_在金融气象服务工作推进会上的发言稿(1).wps | Package not found at 'D:\BaiduSyncdisk\2025\研究\合约设计\其他\20251029_在金融气象服务工作推进会上的发言稿(1).wps'
[2026-01-14 10:41:50] DOCX失败: D:\BaiduSyncdisk\2025\研究\合约设计\其他\20251029_在金融气象服务工作推进会上的发言稿.wps | Package not found at 'D:\BaiduSyncdisk\2025\研究\合约设计\其他\20251029_在金融气象服务工作推进会上的发言稿.wps'
[2026-01-14 10:41:50] DOCX失败: D:\BaiduSyncdisk\2025\研究\合约设计\其他\20251225_郑州市市场监督管理局信息公开申请表.doc | Package not found at 'D:\BaiduSyncdisk\2025\研究\合约设计\其他\20251225_郑州市市场监督管理局信息公开申请表.doc'
[2026-01-14 10:41:50] PDF OCR失败: D:\BaiduSyncdisk\2025\研究\合约设计\其他\2025122620251226160728(1).pdf | Unable to get page count. Is poppler installed and in PATH?
[2026-01-14 10:41:52] CAJ提取失败: D:\BaiduSyncdisk\2025\研究\合约设计\参考资料\其他参考资料\20250730__天气预测及其衍生品定价研究——基于气温日度数据的实证分析.caj | Unable to get page count. Is poppler installed and in PATH?
[2026-01-14 10:41:55] PDF OCR失败: D:\BaiduSyncdisk\2025\研究\合约设计\参考资料\其他参考资料\20250811__未识别标题_.pdf | Unable to get page count. Is poppler installed and in PATH?
[2026-01-14 10:41:57] PDF OCR失败: D:\BaiduSyncdisk\2025\研究\合约设计\参考资料\其他参考资料\20251114__未识别标题_.pdf | Unable to get page count. Is poppler installed and in PATH?
[2026-01-14 10:41:57] PDF OCR失败: D:\BaiduSyncdisk\2025\研究\合约设计\参考资料\其他参考资料\20251124__未识别标题_.pdf | Unable to get page count. Is poppler installed and in PATH?
[2026-01-14 10:41:57] PDF OCR失败: D:\BaiduSyncdisk\2025\研究\合约设计\参考资料\其他参考资料\20251226__未识别标题_(1).pdf | Unable to get page count. Is poppler installed and in PATH?
[2026-01-14 10:41:57] PDF OCR失败: D:\BaiduSyncdisk\2025\研究\合约设计\参考资料\其他参考资料\20251226__未识别标题_.pdf | Unable to get page count. Is poppler installed and in PATH?
[2026-01-14 10:41:57] PDF OCR失败: D:\BaiduSyncdisk\2025\研究\合约设计\参考资料\其他参考资料\20251229__未识别标题_.pdf | Unable to get page count. Is poppler installed and in PATH?
[2026-01-14 10:41:57] PDF OCR失败: D:\BaiduSyncdisk\2025\研究\合约设计\参考资料\合同\20251229_《技术服务合同》解除协议.pdf | Unable to get page count. Is poppler installed and in PATH?
[2026-01-14 10:41:58] DOCX失败: D:\BaiduSyncdisk\2025\研究\合约设计\报告\20250718_天气汇报材料.doc | Package not found at 'D:\BaiduSyncdisk\2025\研究\合约设计\报告\20250718_天气汇报材料.doc'
[2026-01-14 10:52:39] PDF OCR失败: D:\BaiduSyncdisk\2025\研究\基准地调整研究\17297-1998-gbt-e-300.pdf | Unable to get page count. Is poppler installed and in PATH?
[2026-01-14 10:52:40] PDF文本提取失败: D:\BaiduSyncdisk\2025\研究\基准地调整研究\_《建筑气候区划标准》GB50178－93介绍.pdf | No /Root object! - Is this really a PDF?
[2026-01-14 10:52:40] PDF OCR失败: D:\BaiduSyncdisk\2025\研究\基准地调整研究\_《建筑气候区划标准》GB50178－93介绍.pdf | Unable to get page count. Is poppler installed and in PATH?
[2026-01-14 10:52:42] PDF OCR失败: D:\BaiduSyncdisk\2025\研究\基准地调整研究\参考资料\其他参考资料\20250206__未识别标题_.pdf | Unable to get page count. Is poppler installed and in PATH?
[2026-01-14 10:52:42] PDF文本提取失败: D:\BaiduSyncdisk\2025\研究\基准地调整研究\参考资料\标准\20250206__《建筑气候区划标准》GB50178－93介绍.pdf | No /Root object! - Is this really a PDF?
[2026-01-14 10:52:42] PDF OCR失败: D:\BaiduSyncdisk\2025\研究\基准地调整研究\参考资料\标准\20250206__《建筑气候区划标准》GB50178－93介绍.pdf | Unable to get page count. Is poppler installed and in PATH?
[2026-01-14 10:58:33] PDF OCR失败: D:\BaiduSyncdisk\2025\研究\基准地调整研究\17297-1998-gbt-e-300.pdf | Unable to get page count. Is poppler installed and in PATH?
[2026-01-14 10:58:34] PDF文本失败: D:\BaiduSyncdisk\2025\研究\基准地调整研究\_《建筑气候区划标准》GB50178－93介绍.pdf | No /Root object! - Is this really a PDF?
[2026-01-14 10:58:34] PDF OCR失败: D:\BaiduSyncdisk\2025\研究\基准地调整研究\_《建筑气候区划标准》GB50178－93介绍.pdf | Unable to get page count. Is poppler installed and in PATH?
[2026-01-14 10:58:35] PDF OCR失败: D:\BaiduSyncdisk\2025\研究\基准地调整研究\参考资料\其他参考资料\20250206__未识别标题_.pdf | Unable to get page count. Is poppler installed and in PATH?
[2026-01-14 10:58:36] PDF文本失败: D:\BaiduSyncdisk\2025\研究\基准地调整研究\参考资料\标准\20250206__《建筑气候区划标准》GB50178－93介绍.pdf | No /Root object! - Is this really a PDF?
[2026-01-14 10:58:36] PDF OCR失败: D:\BaiduSyncdisk\2025\研究\基准地调整研究\参考资料\标准\20250206__《建筑气候区划标准》GB50178－93介绍.pdf | Unable to get page count. Is poppler installed and in PATH?
[2026-01-14 10:59:06] DOCX失败: D:\BaiduSyncdisk\2025\研究\合约设计\database\excel\20160815172714913.doc | Package not found at 'D:\BaiduSyncdisk\2025\研究\合约设计\database\excel\20160815172714913.doc'
[2026-01-14 10:59:06] PDF OCR失败: D:\BaiduSyncdisk\2025\研究\合约设计\database\excel\20250811173536.pdf | Unable to get page count. Is poppler installed and in PATH?
[2026-01-14 10:59:06] PDF OCR失败: D:\BaiduSyncdisk\2025\研究\合约设计\database\excel\20251124105822.pdf | Unable to get page count. Is poppler installed and in PATH?
[2026-01-14 10:59:06] PDF OCR失败: D:\BaiduSyncdisk\2025\研究\合约设计\database\excel\20251226160728.pdf | Unable to get page count. Is poppler installed and in PATH?
[2026-01-14 10:59:07] PDF OCR失败: D:\BaiduSyncdisk\2025\研究\合约设计\database\excel\miningvisuals.com-Copper Production  Population Growth.pdf | Unable to get page count. Is poppler installed and in PATH?
[2026-01-14 10:59:10] CAJ提取失败: D:\BaiduSyncdisk\2025\研究\合约设计\database\excel\_天气预测及其衍生品定价研究——基于气温日度数据的实证分析.caj | Unable to get page count. Is poppler installed and in PATH?
[2026-01-14 10:59:12] PDF OCR失败: D:\BaiduSyncdisk\2025\研究\合约设计\database\excel\《技术服务合同》解除协议(1).pdf | Unable to get page count. Is poppler installed and in PATH?
[2026-01-14 10:59:12] PDF OCR失败: D:\BaiduSyncdisk\2025\研究\合约设计\database\excel\《技术服务合同》解除协议.pdf | Unable to get page count. Is poppler installed and in PATH?
[2026-01-14 10:59:13] DOCX失败: D:\BaiduSyncdisk\2025\研究\合约设计\database\excel\在金融气象服务工作推进会上的发言稿 (1).wps | Package not found at 'D:\BaiduSyncdisk\2025\研究\合约设计\database\excel\在金融气象服务工作推进会上的发言稿 (1).wps'
[2026-01-14 10:59:13] DOCX失败: D:\BaiduSyncdisk\2025\研究\合约设计\database\excel\在金融气象服务工作推进会上的发言稿.wps | Package not found at 'D:\BaiduSyncdisk\2025\研究\合约设计\database\excel\在金融气象服务工作推进会上的发言稿.wps'
[2026-01-14 10:59:13] DOCX失败: D:\BaiduSyncdisk\2025\研究\合约设计\database\excel\天气汇报材料.doc | Package not found at 'D:\BaiduSyncdisk\2025\研究\合约设计\database\excel\天气汇报材料.doc'
[2026-01-14 10:59:14] DOCX失败: D:\BaiduSyncdisk\2025\研究\合约设计\database\excel\附件1：大连品交易所线型低密度聚乙烯月均价期货合约和大连商品交易所线型低密度聚乙烯月均价期货业务细则 (1).doc | Package not found at 'D:\BaiduSyncdisk\2025\研究\合约设计\database\excel\附件1：大连品交易所线型低密度聚乙烯月均价期货合约和大连商品交易所线型低密度聚乙烯月均价期货业务细则 (1).doc'
[2026-01-14 10:59:14] DOCX失败: D:\BaiduSyncdisk\2025\研究\合约设计\其他\20250728_附件1：大连品交易所线型低密度聚乙烯月均价期货合约和大连商品交易所线型低密度聚乙烯月均价期货业务细则(1).doc | Package not found at 'D:\BaiduSyncdisk\2025\研究\合约设计\其他\20250728_附件1：大连品交易所线型低密度聚乙烯月均价期货合约和大连商品交易所线型低密度聚乙烯月均价期货业务细则(1).doc'
[2026-01-14 10:59:14] DOCX失败: D:\BaiduSyncdisk\2025\研究\合约设计\其他\20250801__未识别标题_.doc | Package not found at 'D:\BaiduSyncdisk\2025\研究\合约设计\其他\20250801__未识别标题_.doc'
[2026-01-14 10:59:14] DOCX失败: D:\BaiduSyncdisk\2025\研究\合约设计\其他\20251029_在金融气象服务工作推进会上的发言稿(1).wps | Package not found at 'D:\BaiduSyncdisk\2025\研究\合约设计\其他\20251029_在金融气象服务工作推进会上的发言稿(1).wps'
[2026-01-14 10:59:14] DOCX失败: D:\BaiduSyncdisk\2025\研究\合约设计\其他\20251029_在金融气象服务工作推进会上的发言稿.wps | Package not found at 'D:\BaiduSyncdisk\2025\研究\合约设计\其他\20251029_在金融气象服务工作推进会上的发言稿.wps'
[2026-01-14 10:59:15] CAJ提取失败: D:\BaiduSyncdisk\2025\研究\合约设计\参考资料\其他参考资料\20250730__天气预测及其衍生品定价研究——基于气温日度数据的实证分析.caj | Unable to get page count. Is poppler installed and in PATH?
[2026-01-14 10:59:20] PDF OCR失败: D:\BaiduSyncdisk\2025\研究\合约设计\参考资料\其他参考资料\20250811__未识别标题_.pdf | Unable to get page count. Is poppler installed and in PATH?
[2026-01-14 10:59:21] PDF OCR失败: D:\BaiduSyncdisk\2025\研究\合约设计\参考资料\其他参考资料\20251114__未识别标题_.pdf | Unable to get page count. Is poppler installed and in PATH?
[2026-01-14 10:59:21] PDF OCR失败: D:\BaiduSyncdisk\2025\研究\合约设计\参考资料\其他参考资料\20251124__未识别标题_.pdf | Unable to get page count. Is poppler installed and in PATH?
[2026-01-14 10:59:22] PDF OCR失败: D:\BaiduSyncdisk\2025\研究\合约设计\参考资料\其他参考资料\20251226__未识别标题_.pdf | Unable to get page count. Is poppler installed and in PATH?
[2026-01-14 10:59:22] PDF OCR失败: D:\BaiduSyncdisk\2025\研究\合约设计\参考资料\其他参考资料\20251226_气温指数技术服务质量报告.pdf | Unable to get page count. Is poppler installed and in PATH?
[2026-01-14 10:59:22] PDF OCR失败: D:\BaiduSyncdisk\2025\研究\合约设计\参考资料\合同\20251229_《技术服务合同》解除协议(1).pdf | Unable to get page count. Is poppler installed and in PATH?
[2026-01-14 10:59:22] PDF OCR失败: D:\BaiduSyncdisk\2025\研究\合约设计\参考资料\合同\20251229_《技术服务合同》解除协议.pdf | Unable to get page count. Is poppler installed and in PATH?
[2026-01-14 10:59:22] PDF OCR失败: D:\BaiduSyncdisk\2025\研究\合约设计\参考资料\报告\20251226_20251226_气温指数技术服务质量报告.pdf | Unable to get page count. Is poppler installed and in PATH?
[2026-01-14 10:59:23] DOCX失败: D:\BaiduSyncdisk\2025\研究\合约设计\报告\20250718_天气汇报材料.doc | Package not found at 'D:\BaiduSyncdisk\2025\研究\合约设计\报告\20250718_天气汇报材料.doc'
[2026-01-20 09:49:35] DOCX失败: D:\BaiduSyncdisk\2025\试点方案\河南商丘宁陵\中国人保财险河南省商丘市商业性梨种植地理品质气象指数保险条款.doc | file 'D:\BaiduSyncdisk\2025\试点方案\河南商丘宁陵\中国人保财险河南省商丘市商业性梨种植地理品质气象指数保险条款.doc' is not a Word file, content type is 'application/vnd.openxmlformats-officedocument.themeManager+xml'
[2026-01-20 09:50:23] CAJ提取失败: D:\BaiduSyncdisk\2025\试点方案\河南封丘玉米\_河南省夏玉米花期高温热害风险分析.caj | Unable to get page count. Is poppler installed and in PATH?
[2026-01-20 09:50:59] DOCX失败: D:\BaiduSyncdisk\2025\试点方案\课题报告\~$250801.docx | Package not found at 'D:\BaiduSyncdisk\2025\试点方案\课题报告\~$250801.docx'
[2026-01-20 09:50:59] PDF OCR失败: D:\BaiduSyncdisk\2025\试点方案\课题报告\大湾区监测公报2024.pdf | Unable to get page count. Is poppler installed and in PATH?
[2026-01-20 09:51:00] PDF OCR失败: D:\BaiduSyncdisk\2025\试点方案\课题报告\课题合作协议—招商期货、广东省气候中心.pdf | Unable to get page count. Is poppler installed and in PATH?
[2026-01-20 09:51:00] DOCX失败: D:\BaiduSyncdisk\2025\试点方案\课题报告\管理材料\~$251117气温指数的应用场景研究开题报告 - 汇总稿.docx | Package not found at 'D:\BaiduSyncdisk\2025\试点方案\课题报告\管理材料\~$251117气温指数的应用场景研究开题报告 - 汇总稿.docx'
[2026-01-20 09:51:53] DOCX失败: D:\BaiduSyncdisk\2025\试点方案\课题评分\《气温指数的应用场景研究——以服务珠三角地区能源电力市场为例)》成果要报.doc | file 'D:\BaiduSyncdisk\2025\试点方案\课题评分\《气温指数的应用场景研究——以服务珠三角地区能源电力市场为例)》成果要报.doc' is not a Word file, content type is 'application/vnd.openxmlformats-officedocument.themeManager+xml'
[2026-01-20 09:51:53] DOCX失败: D:\BaiduSyncdisk\2025\试点方案\课题评分\修改合并稿.docx | Package not found at 'D:\BaiduSyncdisk\2025\试点方案\课题评分\修改合并稿.docx'
[2026-01-20 09:52:27] PDF OCR失败: D:\BaiduSyncdisk\2025\试点方案\课题申报情况\中信建投期货—气温指数的应用场景研究.pdf | Unable to get page count. Is poppler installed and in PATH?
[2026-01-20 09:52:27] PDF OCR失败: D:\BaiduSyncdisk\2025\试点方案\课题申报情况\南华期货—气温指数的应用场景研究.pdf | Unable to get page count. Is poppler installed and in PATH?
[2026-01-20 09:52:27] PDF文本失败: D:\BaiduSyncdisk\2025\试点方案\课题申报情况\天韧科技(上海)—气温指数的应用场景研究.pdf | list index out of range
[2026-01-20 09:52:27] PDF OCR失败: D:\BaiduSyncdisk\2025\试点方案\课题申报情况\天韧科技(上海)—气温指数的应用场景研究.pdf | Unable to get page count. Is poppler installed and in PATH?
[2026-01-20 09:52:27] PDF OCR失败: D:\BaiduSyncdisk\2025\试点方案\课题申报情况\广发期货—气温指数的应用场景研究（投递时间不合规）.pdf | Unable to get page count. Is poppler installed and in PATH?
[2026-01-20 09:52:27] PDF OCR失败: D:\BaiduSyncdisk\2025\试点方案\课题申报情况\新湖期货—气温指数在农业保险精准承保和精准理赔方面场景应用的研究.pdf | Unable to get page count. Is poppler installed and in PATH?
[2026-01-20 09:52:27] PDF OCR失败: D:\BaiduSyncdisk\2025\试点方案\课题申报情况\申报评审表.pdf | Unable to get page count. Is poppler installed and in PATH?
[2026-01-20 09:54:15] DOCX失败: D:\BaiduSyncdisk\2025\试点方案\售电课题报告\其他\20250731__未识别标题_.docx | Package not found at 'D:\BaiduSyncdisk\2025\试点方案\售电课题报告\其他\20250731__未识别标题_.docx'
[2026-01-20 09:54:16] PDF OCR失败: D:\BaiduSyncdisk\2025\试点方案\售电课题报告\参考资料\其他参考资料\20251017_大湾区监测公报2024.pdf | Unable to get page count. Is poppler installed and in PATH?
[2026-01-20 09:54:17] PDF OCR失败: D:\BaiduSyncdisk\2025\试点方案\售电课题报告\参考资料\其他参考资料\20251209_课题合作协议—招商期货、广东省气候中心.pdf | Unable to get page count. Is poppler installed and in PATH?
[2026-01-20 09:54:18] DOCX失败: D:\BaiduSyncdisk\2025\试点方案\售电课题报告\报告\20251118_~$251117气温指数的应用场景研究开题报告-汇总稿.docx | Package not found at 'D:\BaiduSyncdisk\2025\试点方案\售电课题报告\报告\20251118_~$251117气温指数的应用场景研究开题报告-汇总稿.docx'
[2026-01-20 09:54:18] PDF OCR失败: D:\BaiduSyncdisk\2025\试点方案\售电课题报告\课题申报情况\参考资料\其他参考资料\20250616_中信建投期货—气温指数的应用场景研究.pdf | Unable to get page count. Is poppler installed and in PATH?
[2026-01-20 09:54:18] PDF OCR失败: D:\BaiduSyncdisk\2025\试点方案\售电课题报告\课题申报情况\参考资料\其他参考资料\20250616_南华期货—气温指数的应用场景研究.pdf | Unable to get page count. Is poppler installed and in PATH?
[2026-01-20 09:54:18] PDF文本失败: D:\BaiduSyncdisk\2025\试点方案\售电课题报告\课题申报情况\参考资料\其他参考资料\20250616_天韧科技(上海)—气温指数的应用场景研究.pdf | list index out of range
[2026-01-20 09:54:18] PDF OCR失败: D:\BaiduSyncdisk\2025\试点方案\售电课题报告\课题申报情况\参考资料\其他参考资料\20250616_天韧科技(上海)—气温指数的应用场景研究.pdf | Unable to get page count. Is poppler installed and in PATH?
[2026-01-20 09:54:18] PDF OCR失败: D:\BaiduSyncdisk\2025\试点方案\售电课题报告\课题申报情况\参考资料\其他参考资料\20250616_广发期货—气温指数的应用场景研究（投递时间不合规）.pdf | Unable to get page count. Is poppler installed and in PATH?
[2026-01-20 09:54:18] PDF OCR失败: D:\BaiduSyncdisk\2025\试点方案\售电课题报告\课题申报情况\参考资料\其他参考资料\20250616_新湖期货—气温指数在农业保险精准承保和精准理赔方面场景应用的研究.pdf | Unable to get page count. Is poppler installed and in PATH?
[2026-01-20 09:54:18] PDF OCR失败: D:\BaiduSyncdisk\2025\试点方案\售电课题报告\课题申报情况\参考资料\其他参考资料\20250627_申报评审表.pdf | Unable to get page count. Is poppler installed and in PATH?
[2026-01-20 09:54:19] DOCX失败: D:\BaiduSyncdisk\2025\试点方案\售电课题报告\课题评分\其他\20251216_修改合并稿.docx | Package not found at 'D:\BaiduSyncdisk\2025\试点方案\售电课题报告\课题评分\其他\20251216_修改合并稿.docx'
[2026-01-20 09:54:21] DOCX失败: D:\BaiduSyncdisk\2025\试点方案\售电课题报告\课题评分\报告\20251219_《气温指数的应用场景研究——以服务珠三角地区能源电力市场为例)》成果要报.doc | file 'D:\BaiduSyncdisk\2025\试点方案\售电课题报告\课题评分\报告\20251219_《气温指数的应用场景研究——以服务珠三角地区能源电力市场为例)》成果要报.doc' is not a Word file, content type is 'application/vnd.openxmlformats-officedocument.themeManager+xml'
[2026-01-20 09:56:26] DOCX失败: D:\BaiduSyncdisk\2025\试点方案\售电课题报告\其他\20251216_20251216_修改合并稿.docx | Package not found at 'D:\BaiduSyncdisk\2025\试点方案\售电课题报告\其他\20251216_20251216_修改合并稿.docx'
[2026-01-20 09:56:26] PDF OCR失败: D:\BaiduSyncdisk\2025\试点方案\售电课题报告\参考资料\其他参考资料\20250616_20250616_中信建投期货—气温指数的应用场景研究.pdf | Unable to get page count. Is poppler installed and in PATH?
[2026-01-20 09:56:27] PDF OCR失败: D:\BaiduSyncdisk\2025\试点方案\售电课题报告\参考资料\其他参考资料\20250616_20250616_南华期货—气温指数的应用场景研究.pdf | Unable to get page count. Is poppler installed and in PATH?
[2026-01-20 09:56:27] PDF文本失败: D:\BaiduSyncdisk\2025\试点方案\售电课题报告\参考资料\其他参考资料\20250616_20250616_天韧科技(上海)—气温指数的应用场景研究.pdf | list index out of range
[2026-01-20 09:56:27] PDF OCR失败: D:\BaiduSyncdisk\2025\试点方案\售电课题报告\参考资料\其他参考资料\20250616_20250616_天韧科技(上海)—气温指数的应用场景研究.pdf | Unable to get page count. Is poppler installed and in PATH?
[2026-01-20 09:56:27] PDF OCR失败: D:\BaiduSyncdisk\2025\试点方案\售电课题报告\参考资料\其他参考资料\20250616_20250616_广发期货—气温指数的应用场景研究（投递时间不合规）.pdf | Unable to get page count. Is poppler installed and in PATH?
[2026-01-20 09:56:27] PDF OCR失败: D:\BaiduSyncdisk\2025\试点方案\售电课题报告\参考资料\其他参考资料\20250616_20250616_新湖期货—气温指数在农业保险精准承保和精准理赔方面场景应用的研究.pdf | Unable to get page count. Is poppler installed and in PATH?
[2026-01-20 09:56:27] PDF OCR失败: D:\BaiduSyncdisk\2025\试点方案\售电课题报告\参考资料\其他参考资料\20250627_20250627_申报评审表.pdf | Unable to get page count. Is poppler installed and in PATH?
[2026-01-20 09:56:27] PDF OCR失败: D:\BaiduSyncdisk\2025\试点方案\售电课题报告\参考资料\其他参考资料\20251017_20251017_大湾区监测公报2024.pdf | Unable to get page count. Is poppler installed and in PATH?
[2026-01-20 09:56:28] PDF OCR失败: D:\BaiduSyncdisk\2025\试点方案\售电课题报告\参考资料\其他参考资料\20251209_20251209_课题合作协议—招商期货、广东省气候中心.pdf | Unable to get page count. Is poppler installed and in PATH?
[2026-01-20 09:56:30] DOCX失败: D:\BaiduSyncdisk\2025\试点方案\售电课题报告\报告\20251118_20251118_~$251117气温指数的应用场景研究开题报告-汇总稿.docx | Package not found at 'D:\BaiduSyncdisk\2025\试点方案\售电课题报告\报告\20251118_20251118_~$251117气温指数的应用场景研究开题报告-汇总稿.docx'
[2026-01-20 09:56:34] DOCX失败: D:\BaiduSyncdisk\2025\试点方案\售电课题报告\报告\20251219_20251219_《气温指数的应用场景研究——以服务珠三角地区能源电力市场为例)》成果要报.doc | file 'D:\BaiduSyncdisk\2025\试点方案\售电课题报告\报告\20251219_20251219_《气温指数的应用场景研究——以服务珠三角地区能源电力市场为例)》成果要报.doc' is not a Word file, content type is 'application/vnd.openxmlformats-officedocument.themeManager+xml'
[2026-01-20 10:01:18] PDF OCR失败: E:\sata11-17703836269\学习文件\10.粤财科教〔2019〕156号：关于印发《广东省实验室建设省级财政投入资金管理办法（试行）》的通知.pdf | Unable to get page count. Is poppler installed and in PATH?
[2026-01-20 10:01:31] PDF OCR失败: E:\sata11-17703836269\学习文件\9.粤科规财字〔2019〕3号：广东省科学技术厅关于印发《广东省实验室建设管理办法（试行）》的通知.pdf | Unable to get page count. Is poppler installed and in PATH?
[2026-01-20 10:01:36] PDF OCR失败: E:\sata11-17703836269\学习文件\《广东省实验室启动建设期考核评估办法（试行）.pdf | Unable to get page count. Is poppler installed and in PATH?
[2026-01-20 10:01:37] PDF OCR失败: E:\sata11-17703836269\学习文件\关于印发《广东省科学技术厅关于广东省重点实验室的管理办法》的通知.pdf | Unable to get page count. Is poppler installed and in PATH?
[2026-01-20 10:01:38] PDF OCR失败: E:\sata11-17703836269\学习文件\广东省实验室运行期省级财政资金使用管理办法.pdf | Unable to get page count. Is poppler installed and in PATH?
[2026-01-20 10:03:02] PDF OCR失败: E:\sata11-17703836269\国网不错的报告\电力价格简明知识-财审所0222（最终版）--加封面.pdf | Unable to get page count. Is poppler installed and in PATH?
